../Src/transmitter.c:728:13:InsertarBit	32	static
../Src/transmitter.c:1000:13:AUDIO_AcquireTouchButtons	8	static
../Src/transmitter.c:199:20:AUDIO_PLAYER_Init	8	static
../Src/transmitter.c:213:20:ReadFileIntoBuffer	32	static
../Src/transmitter.c:253:20:AUDIO_PLAYER_Start	96	static
../Src/transmitter.c:293:20:TRANSMITTER_Process	96	static
../Src/transmitter.c:691:20:AUDIO_PLAYER_Stop	16	static
../Src/transmitter.c:705:6:BSP_AUDIO_OUT_TransferComplete_CallBack	0	static
../Src/transmitter.c:716:6:BSP_AUDIO_OUT_HalfTransfer_CallBack	0	static
